// Jest Snapshot v1, https://goo.gl/fbAQLP

exports[`header should render header 1`] = `<header />`;
